72
0
John
8
Kate
0
F                
RYLU
YBBU
YLUU
YBLL
RBBB
.
.Y
...
....
.....

byrullbyruuLbyrrulbyyrulb
.
..
...
....
.....

byrullbyruulbyrrulbyyrulb
BB
ULBYRYYULBUBYURBUBLUUYURYYBBLULRYRBYU