72
1
John
0
Kate
0
FYBBLLU          
    
    
RLLU
RYYU
RRYL
.
..
...
....
.....

byrullbyruulbyrrulbyyrulb
.
..
...
....
.....
BB
byrullbyruulbyrrulbyyrulb

YURLYUBBYLUULLBYBBBRULBYRYYULBUBYURBUBLUUYURYYBBLULRYRBYU