805257046
1
Tom
0
Aiden
0
BU               
RYLU
    
    
RBLU
    
.
..
...
RRRR
.....
F
byrullbyruulbyrrulbyyrulb
.
UU
.YY
....
.....

byrullbyruulbyrrulbyyrulb

RURYURLRYUBYBBYYBYRRLYUULLBYBRRBBRULBYRYYLBBLULBUBYLURLLBUBLUUYURLLYYBBLULRYRBYU