72
0
John
0
Kate
0
FRRYYBBU         
    
BBLL
RLLU
RYYU
    
.
..
...
....
....B

byrullbyruulbyrrulbyyrulb
.
..
...
....
.....

byrullbyruulbyrrulbyyrulb

YURLYUBBYLUULLBYBBBRULBYRYYULBUBYURBUBLUUYURYYBBLULRYRBYU