72
0 
John
0
Kate
0
FYBBULL            
    

RLLU
RYYU
RRYL
.
LL
...
....
.....

byrullbyruulbyrrulbyyrulb
.
..
.RR
....
.....
BB
byrullbyruulbyrrulbyyrulb

YURLYUBBYLUULLBYBBBRULBYRYYULBUBYURBUBLUUYURYYBBLULRYRBYU