72
1 
John
0
Kate
0
URRYRLL            
    
BBLL



R
LL
...
....
.....
FYBBUYY
byrullbyruulbyrrulbyyrulb
L
..
.RR
....
.....

byrullbyruulbyrrulbyyrulb
U
YURLYUBBYLUULLBYBBBRULBYRYYULBUBYURBUBLUUYURYYBBLULRYRBYU