72
0
John
0
Kate
0
F                
RYLU
YBBU
YLUU
YBLL
RBBB
.
.Y
...
....
.....

byrullbyruuLbyrrulbyyrulb
.
..
...
....
.....

byrullbyruulbyrrulbyyrulb
BBYYL
ULBYRYYULBUBYURBUBLUUYURYYBBLULRYRBYU