72
1
John
0
Kate
0
YYU              
    
BBLL
RLLU
RYYU
RRYL
.
..
...
....
.....

byrullbyruulbyrrulbyyrulb
.
..
..B
....
.....
F
byrullbyruulbyrrulbyyrulb

YURLYUBBYLUULLBYBBBRULBYRYYULBUBYURBUBLUUYURYYBBLULRYRBYU