72
0 
John
3
Kate
0
F            
RULU    
YBBU
YLUU
YBLL
RBBB
.
.L
...
....
.....

bYRUllbyruulbyrrulbyyrulb
.
..
.RR
....
.....

byrullbyruulbyrrulbyyrulb

ULBYRYYULBUBYURBUBLUUYURYYBBLULRYRBYU