72
0
John
9
Kate
9
F                
RRYU
RRLU
YYBU
YYBB
RRYB
.
..
...
.UUU
.....

bYrUlLByruuLbyRrulbyyrulb
.
..
...
....
....R

ByrulLByruulbyRrulbYyrulb

LYUULLBYBRRBBRULBYRYYLBBLULBUBYLURLLLLRRRRYY