805257046
1
Tom
0
Aiden
0
UB
LRYU


RUBL

.
LL
...
RRRR
.....
F
byrullbyruulbyrrulbyyrulb
.
UU
.YY
....
.....

byrullbyruulbyrrulbyyrulb

RURYURLRYUBYBBYYBYRRLYUULLBYBRRBBRULBYRYYLBBLULBUBYLURLLBUBLUUYURLLYYBBLULRYRBYU