72
0 
John
2
Kate
0
F            
RULU    
YBBU
YLUU
YBLL
RBBB
.
.L
...
....
.....

byRUlLByruulbyrrUlbyyrulb
.
..
.RR
....
.....

byrullbyruulbyrrulbyyrulb
YRRRB
ULBYRYYULBUBYURBUBLUUYURYYBBLULRYRBYU