72
1
John
0
Kate
0
FYBBURRY            
    
BBLL
RLLU
RYYU

.
LL
...
....
....B

byrullbyruulbyrrulbyyrulb
.
..
RRR
....
.....

byrullbyruulbyrrulbyyrulb

YURLYUBBYLUULLBYBBBRULBYRYYULBUBYURBUBLUUYURYYBBLULRYRBYU