72
0
John
0
Kate
0
FLL              
YBBU
    
RLLU
RYYU
RRYL
B
..
...
....
.....
BYLYURR
byrullbyruulbyrrulbyyrulb
.
..
...
....
.....

bYrullbyruulbyrrulbyyrulb
B
YURLYUBBYLUULLBYBBBRULBYRYYULBUBYURBUBLUUYURYYBBLULRYRBYU