72
0 
John
2
Kate
4
F                
RYLU
YUBB
YLUU
YBLL
RBBB
.
..
...
..BB
.....

byrUlLByruuLbyRrulbyyrulb
.
..
...
....
.....

byrUllByruulbyRrulbYyruLb
LBRRRRYYYLLLLRU
ULBYRYYULBUBYURBUBLUUYURYYBBLULRYRBYU