72
0
John
0
Kate
0
FYBBLLU          
    
    
RLLU
RYYU
RRYL
.
LL
.BB
....
.....

byrullbyruulbyrrulbyyrulb
.
..
RRR
....
.....

byrullbyruulbyrrulbyyrulb

YURLYUBBYLUULLBYBBBRULBYRYYULBUBYURBUBLUUYURYYBBLULRYRBYU