72
0
John
6
Kate
0
F                
RYLU
YBBU
YLUU
YBLL
RBBB
.
..
...
....
.....

bYRUllByruuLbyrrulbyyrulb
.
..
...
....
.....

byrullbyruulbyrrulbyyrulb

ULBYRYYULBUBYURBUBLUUYURYYBBLULRYRBYU