72
0 
John
7
Kate
0
F            
RULU    
YBBU
YLUU
YBLL
RBBB
.
.L
...
....
.....

bYRUlLByruulbyrrUlbyyrulb
.
..
.RR
....
.....

byrullbyruulbyrrulbyyrulb

ULBYRYYULBUBYURBUBLUUYURYYBBLULRYRBYU