72
0
John
9
Kate
10
F                
RRYU
RRLU
YYBU
YYBB
RRYB
.
..
...
.UUU
.....

bYrUlLByruuLbyRrulbyyrulb
.
..
...
....
.....

ByRulLByruulbyRrulbYyrulb

LYUULLBYBRRBBRULBYRYYLBBLULBUBYLURLLLLRRRRYY