72
0 
John
17
Kate
0
F            
RULU    
YBBU
YLUU
YBLL
RBBB
.
.L
...
....
.....

BYRULlbyruulbyrrulbyyrulb
.
..
.RR
....
.....

byrullbyruulbyrrulbyyrulb

ULBYRYYULBUBYURBUBLUUYURYYBBLULRYRBYU