72
1
John
0
Kate
0
YU               
    
BBLL
RLLU
RYYU
RRYL
.
LL
...
....
.....

byrullbyruulbyrrulbyyrulb
.
BB
.RR
....
.....
F
byrullbyruulbyrrulbyyrulb

YURLYUBBYLUULLBYBBBRULBYRYYULBUBYURBUBLUUYURYYBBLULRYRBYU