
Welcome to Azul!
-------------------
Menu
----
1. New Game
2. Load Game
3. Credits (Show Student Information)
4. Quit

> 
bag_empty_refill_input.txt
cannot_add_to_row_with_same_tile_on_mosaic_input.txt
factories_incorrect_input.txt
game_loads_correctly_input.txt
move_tile_to_board_input.txt
pick_tile_from_centerpile_first_input.txt
pick_tile_from_factory_input.txt
player1_board_missing_input.txt
player2_broken_tiles_missing_input.txt
update_score_round_end_input.txt
update_score_round_end_ouput.txt.txt

Please enter the name of the save file you wish to load: 
> Loading game from selection...

Incorrect game file format. Try again.
-------------------
Menu
----
1. New Game
2. Load Game
3. Credits (Show Student Information)
4. Quit

> 

Quitting Game...
Goodbye
