72
0
John
0
Kate
0
FBB              
YBBU
    
RLLU
RYYU
RRYL
.
LL
...
....
.....
L
byrullbyruulbyrrulbyyrulb
.
..
...
....
.....

byrullbyruulbyrrulbyyrulb

YURLYUBBYLUULLBYBBBRULBYRYYULBUBYURBUBLUUYURYYBBLULRYRBYU