72
0
John
0
Kate
0
FYBBU            
    
BBLL
RLLU
RYYU
RRYL
.
..
...
....
.....

byrullbyruulbyrrulbyyrulb
.
..
...
....
.....

bYrullbyruulbyrrulbyyrulb

YURLYUBBYLUULLBYBBBRULBYRYYULBUBYURBUBLUUYURYYBBLULRYRBYU